2026-09-11 12:53:20,695 INFO o.a.j.u.JMeterUtils: Setting Locale to en_EN
2026-09-11 12:53:20,736 INFO o.a.j.JMeter: Loading user properties from: C:\apache-jmeter-5.6.3\bin\user.properties
2026-09-11 12:53:20,751 INFO o.a.j.JMeter: Loading system properties from: C:\apache-jmeter-5.6.3\bin\system.properties
2026-09-11 12:53:20,760 INFO o.a.j.JMeter: Copyright (c) 1998-2024 The Apache Software Foundation
2026-09-11 12:53:20,760 INFO o.a.j.JMeter: Version 5.6.3
2026-09-11 12:53:20,760 INFO o.a.j.JMeter: java.version=17.0.20.1
2026-09-11 12:53:20,760 INFO o.a.j.JMeter: java.vm.name=OpenJDK 64-Bit Server VM
2026-09-11 12:53:20,760 INFO o.a.j.JMeter: os.name=Windows 11
2026-09-11 12:53:20,760 INFO o.a.j.JMeter: os.arch=amd64
2026-09-11 12:53:20,760 INFO o.a.j.JMeter: os.version=10.0
2026-09-11 12:53:20,761 INFO o.a.j.JMeter: file.encoding=Cp1252
2026-09-11 12:53:20,761 INFO o.a.j.JMeter: java.awt.headless=true
2026-09-11 12:53:20,761 INFO o.a.j.JMeter: Max memory     =1073741824
2026-09-11 12:53:20,761 INFO o.a.j.JMeter: Available Processors =12
2026-09-11 12:53:20,778 INFO o.a.j.JMeter: Default Locale=English (EN)
2026-09-11 12:53:20,778 INFO o.a.j.JMeter: JMeter  Locale=English (EN)
2026-09-11 12:53:20,778 INFO o.a.j.JMeter: JMeterHome=C:\apache-jmeter-5.6.3
2026-09-11 12:53:20,778 INFO o.a.j.JMeter: user.dir  =C:\Univva\Playwright ts
2026-09-11 12:53:20,779 INFO o.a.j.JMeter: PWD       =C:\Univva\Playwright ts
2026-09-11 12:53:20,784 INFO o.a.j.JMeter: IP: 192.168.1.104 Name: DESKTOP-1GNN7LK FullName: DESKTOP-1GNN7LK
2026-09-11 12:53:20,807 INFO o.a.j.s.FileServer: Default base='C:\Univva\Playwright ts'
2026-09-11 12:53:20,810 INFO o.a.j.s.FileServer: Set new base='C:\Univva\Playwright ts\Jmeter'
2026-09-11 12:53:21,013 INFO o.a.j.s.SaveService: Testplan (JMX) version: 2.2. Testlog (JTL) version: 2.2
2026-09-11 12:53:21,058 INFO o.a.j.s.SaveService: Using SaveService properties version 5.0
2026-09-11 12:53:21,061 INFO o.a.j.s.SaveService: Using SaveService properties file encoding UTF-8
2026-09-11 12:53:21,065 INFO o.a.j.s.SaveService: Loading file: Jmeter\admin_performance_test.jmx
2026-09-11 12:53:21,125 INFO o.a.j.p.h.c.CookieManager: Settings: Delete null: true Check: true Allow variable: true Save: false Prefix: COOKIE_
2026-09-11 12:53:21,156 INFO o.a.j.p.h.s.HTTPSamplerBase: Parser for text/html is org.apache.jmeter.protocol.http.parser.LagartoBasedHtmlParser
2026-09-11 12:53:21,156 INFO o.a.j.p.h.s.HTTPSamplerBase: Parser for application/xhtml+xml is org.apache.jmeter.protocol.http.parser.LagartoBasedHtmlParser
2026-09-11 12:53:21,156 INFO o.a.j.p.h.s.HTTPSamplerBase: Parser for application/xml is org.apache.jmeter.protocol.http.parser.LagartoBasedHtmlParser
2026-09-11 12:53:21,156 INFO o.a.j.p.h.s.HTTPSamplerBase: Parser for text/xml is org.apache.jmeter.protocol.http.parser.LagartoBasedHtmlParser
2026-09-11 12:53:21,156 INFO o.a.j.p.h.s.HTTPSamplerBase: Parser for text/vnd.wap.wml is org.apache.jmeter.protocol.http.parser.RegexpHTMLParser
2026-09-11 12:53:21,156 INFO o.a.j.p.h.s.HTTPSamplerBase: Parser for text/css is org.apache.jmeter.protocol.http.parser.CssParser
2026-09-11 12:53:21,193 INFO o.a.j.JMeter: Creating summariser <summary>
2026-09-11 12:53:21,210 INFO o.a.j.e.StandardJMeterEngine: Running the test!
2026-09-11 12:53:21,211 INFO o.a.j.s.SampleEvent: List of sample_variables: []
2026-09-11 12:53:21,211 INFO o.a.j.s.SampleEvent: List of sample_variables: []
2026-09-11 12:53:21,217 INFO o.a.j.e.u.CompoundVariable: Note: Function class names must contain the string: '.functions.'
2026-09-11 12:53:21,217 INFO o.a.j.e.u.CompoundVariable: Note: Function class names must not contain the string: '.gui.'
2026-09-11 12:53:21,367 INFO o.a.j.JMeter: Running test (1789111401367)
2026-09-11 12:53:21,389 INFO o.a.j.e.StandardJMeterEngine: Starting ThreadGroup: 1 : Admin Pages Thread Group (100 Threads)
2026-09-11 12:53:21,389 INFO o.a.j.e.StandardJMeterEngine: Starting 100 threads for group Admin Pages Thread Group (100 Threads).
2026-09-11 12:53:21,389 INFO o.a.j.e.StandardJMeterEngine: Thread will continue on error
2026-09-11 12:53:21,390 INFO o.a.j.t.ThreadGroup: Starting thread group... number=1 threads=100 ramp-up=0 delayedStart=false
2026-09-11 12:53:21,399 INFO o.a.j.t.JMeterThread: Thread started: Admin Pages Thread Group (100 Threads) 1-5
2026-09-11 12:53:21,399 INFO o.a.j.t.JMeterThread: Thread started: Admin Pages Thread Group (100 Threads) 1-7
2026-09-11 12:53:21,399 INFO o.a.j.t.JMeterThread: Thread started: Admin Pages Thread Group (100 Threads) 1-2
2026-09-11 12:53:21,399 INFO o.a.j.t.JMeterThread: Thread started: Admin Pages Thread Group (100 Threads) 1-1
2026-09-11 12:53:21,399 INFO o.a.j.t.JMeterThread: Thread started: Admin Pages Thread Group (100 Threads) 1-6
2026-09-11 12:53:21,399 INFO o.a.j.t.JMeterThread: Thread started: Admin Pages Thread Group (100 Threads) 1-3
2026-09-11 12:53:21,399 INFO o.a.j.t.JMeterThread: Thread started: Admin Pages Thread Group (100 Threads) 1-4
2026-09-11 12:53:21,400 INFO o.a.j.t.JMeterThread: Thread started: Admin Pages Thread Group (100 Threads) 1-8
2026-09-11 12:53:21,400 INFO o.a.j.t.JMeterThread: Thread started: Admin Pages Thread Group (100 Threads) 1-9
2026-09-11 12:53:21,400 INFO o.a.j.t.JMeterThread: Thread started: Admin Pages Thread Group (100 Threads) 1-10
2026-09-11 12:53:21,400 INFO o.a.j.t.JMeterThread: Thread started: Admin Pages Thread Group (100 Threads) 1-11
2026-09-11 12:53:21,402 INFO o.a.j.t.JMeterThread: Thread started: Admin Pages Thread Group (100 Threads) 1-12
2026-09-11 12:53:21,403 INFO o.a.j.t.JMeterThread: Thread started: Admin Pages Thread Group (100 Threads) 1-13
2026-09-11 12:53:21,405 INFO o.a.j.t.JMeterThread: Thread started: Admin Pages Thread Group (100 Threads) 1-14
2026-09-11 12:53:21,405 INFO o.a.j.t.JMeterThread: Thread started: Admin Pages Thread Group (100 Threads) 1-15
2026-09-11 12:53:21,406 INFO o.a.j.t.JMeterThread: Thread started: Admin Pages Thread Group (100 Threads) 1-16
2026-09-11 12:53:21,406 INFO o.a.j.t.JMeterThread: Thread started: Admin Pages Thread Group (100 Threads) 1-17
2026-09-11 12:53:21,406 INFO o.a.j.t.JMeterThread: Thread started: Admin Pages Thread Group (100 Threads) 1-18
2026-09-11 12:53:21,406 INFO o.a.j.t.JMeterThread: Thread started: Admin Pages Thread Group (100 Threads) 1-19
2026-09-11 12:53:21,407 INFO o.a.j.t.JMeterThread: Thread started: Admin Pages Thread Group (100 Threads) 1-20
2026-09-11 12:53:21,407 INFO o.a.j.t.JMeterThread: Thread started: Admin Pages Thread Group (100 Threads) 1-21
2026-09-11 12:53:21,408 INFO o.a.j.t.JMeterThread: Thread started: Admin Pages Thread Group (100 Threads) 1-22
2026-09-11 12:53:21,408 INFO o.a.j.t.JMeterThread: Thread started: Admin Pages Thread Group (100 Threads) 1-23
2026-09-11 12:53:21,408 INFO o.a.j.t.JMeterThread: Thread started: Admin Pages Thread Group (100 Threads) 1-24
2026-09-11 12:53:21,409 INFO o.a.j.t.JMeterThread: Thread started: Admin Pages Thread Group (100 Threads) 1-25
2026-09-11 12:53:21,409 INFO o.a.j.t.JMeterThread: Thread started: Admin Pages Thread Group (100 Threads) 1-26
2026-09-11 12:53:21,410 INFO o.a.j.t.JMeterThread: Thread started: Admin Pages Thread Group (100 Threads) 1-27
2026-09-11 12:53:21,410 INFO o.a.j.t.JMeterThread: Thread started: Admin Pages Thread Group (100 Threads) 1-28
2026-09-11 12:53:21,410 INFO o.a.j.t.JMeterThread: Thread started: Admin Pages Thread Group (100 Threads) 1-29
2026-09-11 12:53:21,411 INFO o.a.j.t.JMeterThread: Thread started: Admin Pages Thread Group (100 Threads) 1-30
2026-09-11 12:53:21,412 INFO o.a.j.t.JMeterThread: Thread started: Admin Pages Thread Group (100 Threads) 1-31
2026-09-11 12:53:21,412 INFO o.a.j.t.JMeterThread: Thread started: Admin Pages Thread Group (100 Threads) 1-32
2026-09-11 12:53:21,412 INFO o.a.j.t.JMeterThread: Thread started: Admin Pages Thread Group (100 Threads) 1-33
2026-09-11 12:53:21,412 INFO o.a.j.t.JMeterThread: Thread started: Admin Pages Thread Group (100 Threads) 1-34
2026-09-11 12:53:21,414 INFO o.a.j.t.JMeterThread: Thread started: Admin Pages Thread Group (100 Threads) 1-35
2026-09-11 12:53:21,414 INFO o.a.j.t.JMeterThread: Thread started: Admin Pages Thread Group (100 Threads) 1-36
2026-09-11 12:53:21,414 INFO o.a.j.t.JMeterThread: Thread started: Admin Pages Thread Group (100 Threads) 1-37
2026-09-11 12:53:21,415 INFO o.a.j.t.JMeterThread: Thread started: Admin Pages Thread Group (100 Threads) 1-38
2026-09-11 12:53:21,415 INFO o.a.j.t.JMeterThread: Thread started: Admin Pages Thread Group (100 Threads) 1-39
2026-09-11 12:53:21,416 INFO o.a.j.t.JMeterThread: Thread started: Admin Pages Thread Group (100 Threads) 1-40
2026-09-11 12:53:21,416 INFO o.a.j.t.JMeterThread: Thread started: Admin Pages Thread Group (100 Threads) 1-41
2026-09-11 12:53:21,417 INFO o.a.j.t.JMeterThread: Thread started: Admin Pages Thread Group (100 Threads) 1-42
2026-09-11 12:53:21,417 INFO o.a.j.t.JMeterThread: Thread started: Admin Pages Thread Group (100 Threads) 1-43
2026-09-11 12:53:21,417 INFO o.a.j.t.JMeterThread: Thread started: Admin Pages Thread Group (100 Threads) 1-44
2026-09-11 12:53:21,418 INFO o.a.j.t.JMeterThread: Thread started: Admin Pages Thread Group (100 Threads) 1-45
2026-09-11 12:53:21,418 INFO o.a.j.t.JMeterThread: Thread started: Admin Pages Thread Group (100 Threads) 1-46
2026-09-11 12:53:21,418 INFO o.a.j.t.JMeterThread: Thread started: Admin Pages Thread Group (100 Threads) 1-47
2026-09-11 12:53:21,419 INFO o.a.j.t.JMeterThread: Thread started: Admin Pages Thread Group (100 Threads) 1-48
2026-09-11 12:53:21,419 INFO o.a.j.t.JMeterThread: Thread started: Admin Pages Thread Group (100 Threads) 1-49
2026-09-11 12:53:21,419 INFO o.a.j.t.JMeterThread: Thread started: Admin Pages Thread Group (100 Threads) 1-50
2026-09-11 12:53:21,420 INFO o.a.j.t.JMeterThread: Thread started: Admin Pages Thread Group (100 Threads) 1-51
2026-09-11 12:53:21,420 INFO o.a.j.t.JMeterThread: Thread started: Admin Pages Thread Group (100 Threads) 1-52
2026-09-11 12:53:21,421 INFO o.a.j.t.JMeterThread: Thread started: Admin Pages Thread Group (100 Threads) 1-53
2026-09-11 12:53:21,421 INFO o.a.j.t.JMeterThread: Thread started: Admin Pages Thread Group (100 Threads) 1-54
2026-09-11 12:53:21,421 INFO o.a.j.t.JMeterThread: Thread started: Admin Pages Thread Group (100 Threads) 1-55
2026-09-11 12:53:21,422 INFO o.a.j.t.JMeterThread: Thread started: Admin Pages Thread Group (100 Threads) 1-56
2026-09-11 12:53:21,422 INFO o.a.j.p.h.s.HTTPHCAbstractImpl: Local host = DESKTOP-1GNN7LK
2026-09-11 12:53:21,422 INFO o.a.j.t.JMeterThread: Thread started: Admin Pages Thread Group (100 Threads) 1-57
2026-09-11 12:53:21,422 INFO o.a.j.t.JMeterThread: Thread started: Admin Pages Thread Group (100 Threads) 1-58
2026-09-11 12:53:21,422 INFO o.a.j.t.JMeterThread: Thread started: Admin Pages Thread Group (100 Threads) 1-59
2026-09-11 12:53:21,423 INFO o.a.j.t.JMeterThread: Thread started: Admin Pages Thread Group (100 Threads) 1-60
2026-09-11 12:53:21,423 INFO o.a.j.t.JMeterThread: Thread started: Admin Pages Thread Group (100 Threads) 1-61
2026-09-11 12:53:21,423 INFO o.a.j.t.JMeterThread: Thread started: Admin Pages Thread Group (100 Threads) 1-62
2026-09-11 12:53:21,424 INFO o.a.j.t.JMeterThread: Thread started: Admin Pages Thread Group (100 Threads) 1-63
2026-09-11 12:53:21,424 INFO o.a.j.t.JMeterThread: Thread started: Admin Pages Thread Group (100 Threads) 1-64
2026-09-11 12:53:21,424 INFO o.a.j.t.JMeterThread: Thread started: Admin Pages Thread Group (100 Threads) 1-65
2026-09-11 12:53:21,424 INFO o.a.j.t.JMeterThread: Thread started: Admin Pages Thread Group (100 Threads) 1-66
2026-09-11 12:53:21,424 INFO o.a.j.t.JMeterThread: Thread started: Admin Pages Thread Group (100 Threads) 1-67
2026-09-11 12:53:21,425 INFO o.a.j.t.JMeterThread: Thread started: Admin Pages Thread Group (100 Threads) 1-68
2026-09-11 12:53:21,425 INFO o.a.j.t.JMeterThread: Thread started: Admin Pages Thread Group (100 Threads) 1-69
2026-09-11 12:53:21,425 INFO o.a.j.t.JMeterThread: Thread started: Admin Pages Thread Group (100 Threads) 1-70
2026-09-11 12:53:21,426 INFO o.a.j.t.JMeterThread: Thread started: Admin Pages Thread Group (100 Threads) 1-71
2026-09-11 12:53:21,426 INFO o.a.j.t.JMeterThread: Thread started: Admin Pages Thread Group (100 Threads) 1-72
2026-09-11 12:53:21,427 INFO o.a.j.t.JMeterThread: Thread started: Admin Pages Thread Group (100 Threads) 1-73
2026-09-11 12:53:21,427 INFO o.a.j.t.JMeterThread: Thread started: Admin Pages Thread Group (100 Threads) 1-74
2026-09-11 12:53:21,428 INFO o.a.j.t.JMeterThread: Thread started: Admin Pages Thread Group (100 Threads) 1-75
2026-09-11 12:53:21,428 INFO o.a.j.t.JMeterThread: Thread started: Admin Pages Thread Group (100 Threads) 1-76
2026-09-11 12:53:21,428 INFO o.a.j.t.JMeterThread: Thread started: Admin Pages Thread Group (100 Threads) 1-77
2026-09-11 12:53:21,428 INFO o.a.j.t.JMeterThread: Thread started: Admin Pages Thread Group (100 Threads) 1-78
2026-09-11 12:53:21,429 INFO o.a.j.t.JMeterThread: Thread started: Admin Pages Thread Group (100 Threads) 1-79
2026-09-11 12:53:21,429 INFO o.a.j.t.JMeterThread: Thread started: Admin Pages Thread Group (100 Threads) 1-80
2026-09-11 12:53:21,429 INFO o.a.j.t.JMeterThread: Thread started: Admin Pages Thread Group (100 Threads) 1-81
2026-09-11 12:53:21,430 INFO o.a.j.t.JMeterThread: Thread started: Admin Pages Thread Group (100 Threads) 1-82
2026-09-11 12:53:21,430 INFO o.a.j.p.h.s.HTTPHC4Impl: HTTP request retry count = 0
2026-09-11 12:53:21,430 INFO o.a.j.t.JMeterThread: Thread started: Admin Pages Thread Group (100 Threads) 1-83
2026-09-11 12:53:21,430 INFO o.a.j.t.JMeterThread: Thread started: Admin Pages Thread Group (100 Threads) 1-84
2026-09-11 12:53:21,431 INFO o.a.j.t.JMeterThread: Thread started: Admin Pages Thread Group (100 Threads) 1-85
2026-09-11 12:53:21,431 INFO o.a.j.t.JMeterThread: Thread started: Admin Pages Thread Group (100 Threads) 1-86
2026-09-11 12:53:21,432 INFO o.a.j.t.JMeterThread: Thread started: Admin Pages Thread Group (100 Threads) 1-87
2026-09-11 12:53:21,432 INFO o.a.j.t.JMeterThread: Thread started: Admin Pages Thread Group (100 Threads) 1-88
2026-09-11 12:53:21,432 INFO o.a.j.s.SampleResult: Note: Sample TimeStamps are START times
2026-09-11 12:53:21,432 INFO o.a.j.s.SampleResult: sampleresult.default.encoding is set to UTF-8
2026-09-11 12:53:21,432 INFO o.a.j.t.JMeterThread: Thread started: Admin Pages Thread Group (100 Threads) 1-89
2026-09-11 12:53:21,432 INFO o.a.j.s.SampleResult: sampleresult.useNanoTime=true
2026-09-11 12:53:21,432 INFO o.a.j.s.SampleResult: sampleresult.nanoThreadSleep=5000
2026-09-11 12:53:21,432 INFO o.a.j.t.JMeterThread: Thread started: Admin Pages Thread Group (100 Threads) 1-90
2026-09-11 12:53:21,432 INFO o.a.j.t.JMeterThread: Thread started: Admin Pages Thread Group (100 Threads) 1-91
2026-09-11 12:53:21,434 INFO o.a.j.t.JMeterThread: Thread started: Admin Pages Thread Group (100 Threads) 1-92
2026-09-11 12:53:21,434 INFO o.a.j.t.JMeterThread: Thread started: Admin Pages Thread Group (100 Threads) 1-93
2026-09-11 12:53:21,435 INFO o.a.j.t.JMeterThread: Thread started: Admin Pages Thread Group (100 Threads) 1-94
2026-09-11 12:53:21,435 INFO o.a.j.t.JMeterThread: Thread started: Admin Pages Thread Group (100 Threads) 1-95
2026-09-11 12:53:21,435 INFO o.a.j.t.JMeterThread: Thread started: Admin Pages Thread Group (100 Threads) 1-96
2026-09-11 12:53:21,436 INFO o.a.j.t.JMeterThread: Thread started: Admin Pages Thread Group (100 Threads) 1-97
2026-09-11 12:53:21,436 INFO o.a.j.t.JMeterThread: Thread started: Admin Pages Thread Group (100 Threads) 1-98
2026-09-11 12:53:21,436 INFO o.a.j.t.JMeterThread: Thread started: Admin Pages Thread Group (100 Threads) 1-99
2026-09-11 12:53:21,436 INFO o.a.j.t.ThreadGroup: Started thread group number 1
2026-09-11 12:53:21,436 INFO o.a.j.e.StandardJMeterEngine: All thread groups have been started
2026-09-11 12:53:21,438 INFO o.a.j.t.JMeterThread: Thread started: Admin Pages Thread Group (100 Threads) 1-100
2026-09-11 12:53:21,587 INFO o.a.j.p.h.s.h.LazyLayeredConnectionSocketFactory: Setting up HTTPS TrustAll Socket Factory
2026-09-11 12:53:21,595 INFO o.a.j.u.JsseSSLManager: Using default SSL protocol: TLS
2026-09-11 12:53:21,595 INFO o.a.j.u.JsseSSLManager: SSL session context: per-thread
2026-09-11 12:53:21,769 INFO o.a.j.u.SSLManager: JmeterKeyStore Location:  type JKS
2026-09-11 12:53:21,774 INFO o.a.j.u.SSLManager: KeyStore created OK
2026-09-11 12:53:21,775 WARN o.a.j.u.SSLManager: Keystore file not found, loading empty keystore
2026-09-11 12:53:23,456 INFO o.a.j.t.JMeterThread: Thread is done: Admin Pages Thread Group (100 Threads) 1-76
2026-09-11 12:53:23,457 INFO o.a.j.t.JMeterThread: Thread finished: Admin Pages Thread Group (100 Threads) 1-76
2026-09-11 12:53:23,458 INFO o.a.j.t.JMeterThread: Thread is done: Admin Pages Thread Group (100 Threads) 1-86
2026-09-11 12:53:23,458 INFO o.a.j.t.JMeterThread: Thread finished: Admin Pages Thread Group (100 Threads) 1-86
2026-09-11 12:53:23,461 INFO o.a.j.t.JMeterThread: Thread is done: Admin Pages Thread Group (100 Threads) 1-83
2026-09-11 12:53:23,461 INFO o.a.j.t.JMeterThread: Thread finished: Admin Pages Thread Group (100 Threads) 1-83
2026-09-11 12:53:23,461 INFO o.a.j.t.JMeterThread: Thread is done: Admin Pages Thread Group (100 Threads) 1-91
2026-09-11 12:53:23,461 INFO o.a.j.t.JMeterThread: Thread is done: Admin Pages Thread Group (100 Threads) 1-67
2026-09-11 12:53:23,462 INFO o.a.j.t.JMeterThread: Thread finished: Admin Pages Thread Group (100 Threads) 1-67
2026-09-11 12:53:23,462 INFO o.a.j.t.JMeterThread: Thread finished: Admin Pages Thread Group (100 Threads) 1-91
2026-09-11 12:53:23,479 INFO o.a.j.t.JMeterThread: Thread is done: Admin Pages Thread Group (100 Threads) 1-26
2026-09-11 12:53:23,479 INFO o.a.j.t.JMeterThread: Thread is done: Admin Pages Thread Group (100 Threads) 1-81
2026-09-11 12:53:23,480 INFO o.a.j.t.JMeterThread: Thread finished: Admin Pages Thread Group (100 Threads) 1-26
2026-09-11 12:53:23,480 INFO o.a.j.t.JMeterThread: Thread finished: Admin Pages Thread Group (100 Threads) 1-81
2026-09-11 12:53:23,480 INFO o.a.j.t.JMeterThread: Thread is done: Admin Pages Thread Group (100 Threads) 1-4
2026-09-11 12:53:23,480 INFO o.a.j.t.JMeterThread: Thread finished: Admin Pages Thread Group (100 Threads) 1-4
2026-09-11 12:53:23,481 INFO o.a.j.t.JMeterThread: Thread is done: Admin Pages Thread Group (100 Threads) 1-53
2026-09-11 12:53:23,481 INFO o.a.j.t.JMeterThread: Thread is done: Admin Pages Thread Group (100 Threads) 1-48
2026-09-11 12:53:23,481 INFO o.a.j.t.JMeterThread: Thread is done: Admin Pages Thread Group (100 Threads) 1-95
2026-09-11 12:53:23,481 INFO o.a.j.t.JMeterThread: Thread finished: Admin Pages Thread Group (100 Threads) 1-53
2026-09-11 12:53:23,481 INFO o.a.j.t.JMeterThread: Thread finished: Admin Pages Thread Group (100 Threads) 1-48
2026-09-11 12:53:23,481 INFO o.a.j.t.JMeterThread: Thread finished: Admin Pages Thread Group (100 Threads) 1-95
2026-09-11 12:53:23,494 INFO o.a.j.t.JMeterThread: Thread is done: Admin Pages Thread Group (100 Threads) 1-80
2026-09-11 12:53:23,494 INFO o.a.j.t.JMeterThread: Thread is done: Admin Pages Thread Group (100 Threads) 1-97
2026-09-11 12:53:23,494 INFO o.a.j.t.JMeterThread: Thread finished: Admin Pages Thread Group (100 Threads) 1-80
2026-09-11 12:53:23,494 INFO o.a.j.t.JMeterThread: Thread is done: Admin Pages Thread Group (100 Threads) 1-92
2026-09-11 12:53:23,494 INFO o.a.j.t.JMeterThread: Thread finished: Admin Pages Thread Group (100 Threads) 1-92
2026-09-11 12:53:23,494 INFO o.a.j.t.JMeterThread: Thread is done: Admin Pages Thread Group (100 Threads) 1-31
2026-09-11 12:53:23,494 INFO o.a.j.t.JMeterThread: Thread finished: Admin Pages Thread Group (100 Threads) 1-31
2026-09-11 12:53:23,494 INFO o.a.j.t.JMeterThread: Thread is done: Admin Pages Thread Group (100 Threads) 1-73
2026-09-11 12:53:23,494 INFO o.a.j.t.JMeterThread: Thread is done: Admin Pages Thread Group (100 Threads) 1-85
2026-09-11 12:53:23,494 INFO o.a.j.t.JMeterThread: Thread is done: Admin Pages Thread Group (100 Threads) 1-10
2026-09-11 12:53:23,494 INFO o.a.j.t.JMeterThread: Thread finished: Admin Pages Thread Group (100 Threads) 1-85
2026-09-11 12:53:23,494 INFO o.a.j.t.JMeterThread: Thread is done: Admin Pages Thread Group (100 Threads) 1-8
2026-09-11 12:53:23,494 INFO o.a.j.t.JMeterThread: Thread finished: Admin Pages Thread Group (100 Threads) 1-73
2026-09-11 12:53:23,494 INFO o.a.j.t.JMeterThread: Thread is done: Admin Pages Thread Group (100 Threads) 1-96
2026-09-11 12:53:23,494 INFO o.a.j.t.JMeterThread: Thread finished: Admin Pages Thread Group (100 Threads) 1-97
2026-09-11 12:53:23,496 INFO o.a.j.t.JMeterThread: Thread finished: Admin Pages Thread Group (100 Threads) 1-96
2026-09-11 12:53:23,494 INFO o.a.j.t.JMeterThread: Thread finished: Admin Pages Thread Group (100 Threads) 1-10
2026-09-11 12:53:23,496 INFO o.a.j.t.JMeterThread: Thread is done: Admin Pages Thread Group (100 Threads) 1-9
2026-09-11 12:53:23,496 INFO o.a.j.t.JMeterThread: Thread finished: Admin Pages Thread Group (100 Threads) 1-8
2026-09-11 12:53:23,496 INFO o.a.j.t.JMeterThread: Thread is done: Admin Pages Thread Group (100 Threads) 1-43
2026-09-11 12:53:23,496 INFO o.a.j.t.JMeterThread: Thread finished: Admin Pages Thread Group (100 Threads) 1-43
2026-09-11 12:53:23,496 INFO o.a.j.t.JMeterThread: Thread finished: Admin Pages Thread Group (100 Threads) 1-9
2026-09-11 12:53:23,498 INFO o.a.j.t.JMeterThread: Thread is done: Admin Pages Thread Group (100 Threads) 1-68
2026-09-11 12:53:23,498 INFO o.a.j.t.JMeterThread: Thread finished: Admin Pages Thread Group (100 Threads) 1-68
2026-09-11 12:53:23,503 INFO o.a.j.t.JMeterThread: Thread is done: Admin Pages Thread Group (100 Threads) 1-34
2026-09-11 12:53:23,503 INFO o.a.j.t.JMeterThread: Thread finished: Admin Pages Thread Group (100 Threads) 1-34
2026-09-11 12:53:23,514 INFO o.a.j.t.JMeterThread: Thread is done: Admin Pages Thread Group (100 Threads) 1-39
2026-09-11 12:53:23,514 INFO o.a.j.t.JMeterThread: Thread is done: Admin Pages Thread Group (100 Threads) 1-6
2026-09-11 12:53:23,514 INFO o.a.j.t.JMeterThread: Thread is done: Admin Pages Thread Group (100 Threads) 1-12
2026-09-11 12:53:23,514 INFO o.a.j.t.JMeterThread: Thread finished: Admin Pages Thread Group (100 Threads) 1-6
2026-09-11 12:53:23,514 INFO o.a.j.t.JMeterThread: Thread finished: Admin Pages Thread Group (100 Threads) 1-12
2026-09-11 12:53:23,514 INFO o.a.j.t.JMeterThread: Thread finished: Admin Pages Thread Group (100 Threads) 1-39
2026-09-11 12:53:23,514 INFO o.a.j.t.JMeterThread: Thread is done: Admin Pages Thread Group (100 Threads) 1-13
2026-09-11 12:53:23,514 INFO o.a.j.t.JMeterThread: Thread is done: Admin Pages Thread Group (100 Threads) 1-72
2026-09-11 12:53:23,515 INFO o.a.j.t.JMeterThread: Thread finished: Admin Pages Thread Group (100 Threads) 1-13
2026-09-11 12:53:23,515 INFO o.a.j.t.JMeterThread: Thread finished: Admin Pages Thread Group (100 Threads) 1-72
2026-09-11 12:53:23,517 INFO o.a.j.t.JMeterThread: Thread is done: Admin Pages Thread Group (100 Threads) 1-15
2026-09-11 12:53:23,518 INFO o.a.j.t.JMeterThread: Thread finished: Admin Pages Thread Group (100 Threads) 1-15
2026-09-11 12:53:23,521 INFO o.a.j.t.JMeterThread: Thread is done: Admin Pages Thread Group (100 Threads) 1-36
2026-09-11 12:53:23,521 INFO o.a.j.t.JMeterThread: Thread finished: Admin Pages Thread Group (100 Threads) 1-36
2026-09-11 12:53:23,522 INFO o.a.j.t.JMeterThread: Thread is done: Admin Pages Thread Group (100 Threads) 1-71
2026-09-11 12:53:23,522 INFO o.a.j.t.JMeterThread: Thread finished: Admin Pages Thread Group (100 Threads) 1-71
2026-09-11 12:53:23,541 INFO o.a.j.t.JMeterThread: Thread is done: Admin Pages Thread Group (100 Threads) 1-22
2026-09-11 12:53:23,543 INFO o.a.j.t.JMeterThread: Thread finished: Admin Pages Thread Group (100 Threads) 1-22
2026-09-11 12:53:23,631 INFO o.a.j.t.JMeterThread: Thread is done: Admin Pages Thread Group (100 Threads) 1-78
2026-09-11 12:53:23,632 INFO o.a.j.t.JMeterThread: Thread finished: Admin Pages Thread Group (100 Threads) 1-78
2026-09-11 12:53:23,631 INFO o.a.j.t.JMeterThread: Thread is done: Admin Pages Thread Group (100 Threads) 1-57
2026-09-11 12:53:23,632 INFO o.a.j.t.JMeterThread: Thread finished: Admin Pages Thread Group (100 Threads) 1-57
2026-09-11 12:53:23,642 INFO o.a.j.t.JMeterThread: Thread is done: Admin Pages Thread Group (100 Threads) 1-5
2026-09-11 12:53:23,643 INFO o.a.j.t.JMeterThread: Thread finished: Admin Pages Thread Group (100 Threads) 1-5
2026-09-11 12:53:23,647 INFO o.a.j.t.JMeterThread: Thread is done: Admin Pages Thread Group (100 Threads) 1-77
2026-09-11 12:53:23,647 INFO o.a.j.t.JMeterThread: Thread is done: Admin Pages Thread Group (100 Threads) 1-14
2026-09-11 12:53:23,647 INFO o.a.j.t.JMeterThread: Thread is done: Admin Pages Thread Group (100 Threads) 1-47
2026-09-11 12:53:23,647 INFO o.a.j.t.JMeterThread: Thread is done: Admin Pages Thread Group (100 Threads) 1-23
2026-09-11 12:53:23,647 INFO o.a.j.t.JMeterThread: Thread finished: Admin Pages Thread Group (100 Threads) 1-14
2026-09-11 12:53:23,647 INFO o.a.j.t.JMeterThread: Thread finished: Admin Pages Thread Group (100 Threads) 1-23
2026-09-11 12:53:23,647 INFO o.a.j.t.JMeterThread: Thread finished: Admin Pages Thread Group (100 Threads) 1-77
2026-09-11 12:53:23,647 INFO o.a.j.t.JMeterThread: Thread finished: Admin Pages Thread Group (100 Threads) 1-47
2026-09-11 12:53:23,650 INFO o.a.j.t.JMeterThread: Thread is done: Admin Pages Thread Group (100 Threads) 1-79
2026-09-11 12:53:23,650 INFO o.a.j.t.JMeterThread: Thread is done: Admin Pages Thread Group (100 Threads) 1-35
2026-09-11 12:53:23,650 INFO o.a.j.t.JMeterThread: Thread is done: Admin Pages Thread Group (100 Threads) 1-54
2026-09-11 12:53:23,650 INFO o.a.j.t.JMeterThread: Thread finished: Admin Pages Thread Group (100 Threads) 1-79
2026-09-11 12:53:23,650 INFO o.a.j.t.JMeterThread: Thread finished: Admin Pages Thread Group (100 Threads) 1-35
2026-09-11 12:53:23,650 INFO o.a.j.t.JMeterThread: Thread finished: Admin Pages Thread Group (100 Threads) 1-54
2026-09-11 12:53:23,663 INFO o.a.j.t.JMeterThread: Thread is done: Admin Pages Thread Group (100 Threads) 1-90
2026-09-11 12:53:23,663 INFO o.a.j.t.JMeterThread: Thread is done: Admin Pages Thread Group (100 Threads) 1-24
2026-09-11 12:53:23,663 INFO o.a.j.t.JMeterThread: Thread finished: Admin Pages Thread Group (100 Threads) 1-90
2026-09-11 12:53:23,663 INFO o.a.j.t.JMeterThread: Thread finished: Admin Pages Thread Group (100 Threads) 1-24
2026-09-11 12:53:23,664 INFO o.a.j.t.JMeterThread: Thread is done: Admin Pages Thread Group (100 Threads) 1-65
2026-09-11 12:53:23,664 INFO o.a.j.t.JMeterThread: Thread is done: Admin Pages Thread Group (100 Threads) 1-75
2026-09-11 12:53:23,664 INFO o.a.j.t.JMeterThread: Thread finished: Admin Pages Thread Group (100 Threads) 1-65
2026-09-11 12:53:23,664 INFO o.a.j.t.JMeterThread: Thread finished: Admin Pages Thread Group (100 Threads) 1-75
2026-09-11 12:53:23,665 INFO o.a.j.t.JMeterThread: Thread is done: Admin Pages Thread Group (100 Threads) 1-2
2026-09-11 12:53:23,665 INFO o.a.j.t.JMeterThread: Thread finished: Admin Pages Thread Group (100 Threads) 1-2
2026-09-11 12:53:23,679 INFO o.a.j.t.JMeterThread: Thread is done: Admin Pages Thread Group (100 Threads) 1-17
2026-09-11 12:53:23,679 INFO o.a.j.t.JMeterThread: Thread is done: Admin Pages Thread Group (100 Threads) 1-20
2026-09-11 12:53:23,679 INFO o.a.j.t.JMeterThread: Thread is done: Admin Pages Thread Group (100 Threads) 1-18
2026-09-11 12:53:23,679 INFO o.a.j.t.JMeterThread: Thread is done: Admin Pages Thread Group (100 Threads) 1-46
2026-09-11 12:53:23,679 INFO o.a.j.t.JMeterThread: Thread is done: Admin Pages Thread Group (100 Threads) 1-62
2026-09-11 12:53:23,679 INFO o.a.j.t.JMeterThread: Thread is done: Admin Pages Thread Group (100 Threads) 1-66
2026-09-11 12:53:23,679 INFO o.a.j.t.JMeterThread: Thread finished: Admin Pages Thread Group (100 Threads) 1-20
2026-09-11 12:53:23,679 INFO o.a.j.t.JMeterThread: Thread finished: Admin Pages Thread Group (100 Threads) 1-62
2026-09-11 12:53:23,679 INFO o.a.j.t.JMeterThread: Thread finished: Admin Pages Thread Group (100 Threads) 1-66
2026-09-11 12:53:23,679 INFO o.a.j.t.JMeterThread: Thread is done: Admin Pages Thread Group (100 Threads) 1-100
2026-09-11 12:53:23,679 INFO o.a.j.t.JMeterThread: Thread finished: Admin Pages Thread Group (100 Threads) 1-18
2026-09-11 12:53:23,680 INFO o.a.j.t.JMeterThread: Thread finished: Admin Pages Thread Group (100 Threads) 1-100
2026-09-11 12:53:23,679 INFO o.a.j.t.JMeterThread: Thread is done: Admin Pages Thread Group (100 Threads) 1-82
2026-09-11 12:53:23,680 INFO o.a.j.t.JMeterThread: Thread finished: Admin Pages Thread Group (100 Threads) 1-82
2026-09-11 12:53:23,680 INFO o.a.j.t.JMeterThread: Thread is done: Admin Pages Thread Group (100 Threads) 1-40
2026-09-11 12:53:23,680 INFO o.a.j.t.JMeterThread: Thread finished: Admin Pages Thread Group (100 Threads) 1-40
2026-09-11 12:53:23,680 INFO o.a.j.t.JMeterThread: Thread is done: Admin Pages Thread Group (100 Threads) 1-64
2026-09-11 12:53:23,680 INFO o.a.j.t.JMeterThread: Thread finished: Admin Pages Thread Group (100 Threads) 1-64
2026-09-11 12:53:23,680 INFO o.a.j.t.JMeterThread: Thread finished: Admin Pages Thread Group (100 Threads) 1-46
2026-09-11 12:53:23,679 INFO o.a.j.t.JMeterThread: Thread finished: Admin Pages Thread Group (100 Threads) 1-17
2026-09-11 12:53:23,681 INFO o.a.j.t.JMeterThread: Thread is done: Admin Pages Thread Group (100 Threads) 1-58
2026-09-11 12:53:23,681 INFO o.a.j.t.JMeterThread: Thread is done: Admin Pages Thread Group (100 Threads) 1-27
2026-09-11 12:53:23,681 INFO o.a.j.t.JMeterThread: Thread is done: Admin Pages Thread Group (100 Threads) 1-3
2026-09-11 12:53:23,681 INFO o.a.j.t.JMeterThread: Thread finished: Admin Pages Thread Group (100 Threads) 1-27
2026-09-11 12:53:23,681 INFO o.a.j.t.JMeterThread: Thread finished: Admin Pages Thread Group (100 Threads) 1-3
2026-09-11 12:53:23,681 INFO o.a.j.t.JMeterThread: Thread is done: Admin Pages Thread Group (100 Threads) 1-93
2026-09-11 12:53:23,681 INFO o.a.j.t.JMeterThread: Thread finished: Admin Pages Thread Group (100 Threads) 1-58
2026-09-11 12:53:23,681 INFO o.a.j.t.JMeterThread: Thread finished: Admin Pages Thread Group (100 Threads) 1-93
2026-09-11 12:53:23,685 INFO o.a.j.t.JMeterThread: Thread is done: Admin Pages Thread Group (100 Threads) 1-28
2026-09-11 12:53:23,685 INFO o.a.j.t.JMeterThread: Thread is done: Admin Pages Thread Group (100 Threads) 1-69
2026-09-11 12:53:23,685 INFO o.a.j.t.JMeterThread: Thread is done: Admin Pages Thread Group (100 Threads) 1-60
2026-09-11 12:53:23,685 INFO o.a.j.t.JMeterThread: Thread is done: Admin Pages Thread Group (100 Threads) 1-52
2026-09-11 12:53:23,685 INFO o.a.j.t.JMeterThread: Thread finished: Admin Pages Thread Group (100 Threads) 1-28
2026-09-11 12:53:23,685 INFO o.a.j.t.JMeterThread: Thread finished: Admin Pages Thread Group (100 Threads) 1-60
2026-09-11 12:53:23,685 INFO o.a.j.t.JMeterThread: Thread finished: Admin Pages Thread Group (100 Threads) 1-69
2026-09-11 12:53:23,685 INFO o.a.j.t.JMeterThread: Thread finished: Admin Pages Thread Group (100 Threads) 1-52
2026-09-11 12:53:23,688 INFO o.a.j.t.JMeterThread: Thread is done: Admin Pages Thread Group (100 Threads) 1-38
2026-09-11 12:53:23,688 INFO o.a.j.t.JMeterThread: Thread is done: Admin Pages Thread Group (100 Threads) 1-44
2026-09-11 12:53:23,688 INFO o.a.j.t.JMeterThread: Thread is done: Admin Pages Thread Group (100 Threads) 1-11
2026-09-11 12:53:23,688 INFO o.a.j.t.JMeterThread: Thread finished: Admin Pages Thread Group (100 Threads) 1-44
2026-09-11 12:53:23,688 INFO o.a.j.t.JMeterThread: Thread is done: Admin Pages Thread Group (100 Threads) 1-55
2026-09-11 12:53:23,688 INFO o.a.j.t.JMeterThread: Thread finished: Admin Pages Thread Group (100 Threads) 1-38
2026-09-11 12:53:23,688 INFO o.a.j.t.JMeterThread: Thread finished: Admin Pages Thread Group (100 Threads) 1-11
2026-09-11 12:53:23,688 INFO o.a.j.t.JMeterThread: Thread finished: Admin Pages Thread Group (100 Threads) 1-55
2026-09-11 12:53:23,689 INFO o.a.j.t.JMeterThread: Thread is done: Admin Pages Thread Group (100 Threads) 1-89
2026-09-11 12:53:23,689 INFO o.a.j.t.JMeterThread: Thread is done: Admin Pages Thread Group (100 Threads) 1-94
2026-09-11 12:53:23,689 INFO o.a.j.t.JMeterThread: Thread is done: Admin Pages Thread Group (100 Threads) 1-98
2026-09-11 12:53:23,689 INFO o.a.j.t.JMeterThread: Thread finished: Admin Pages Thread Group (100 Threads) 1-89
2026-09-11 12:53:23,689 INFO o.a.j.t.JMeterThread: Thread is done: Admin Pages Thread Group (100 Threads) 1-42
2026-09-11 12:53:23,689 INFO o.a.j.t.JMeterThread: Thread finished: Admin Pages Thread Group (100 Threads) 1-98
2026-09-11 12:53:23,689 INFO o.a.j.t.JMeterThread: Thread finished: Admin Pages Thread Group (100 Threads) 1-94
2026-09-11 12:53:23,689 INFO o.a.j.t.JMeterThread: Thread finished: Admin Pages Thread Group (100 Threads) 1-42
2026-09-11 12:53:23,691 INFO o.a.j.t.JMeterThread: Thread is done: Admin Pages Thread Group (100 Threads) 1-21
2026-09-11 12:53:23,691 INFO o.a.j.t.JMeterThread: Thread finished: Admin Pages Thread Group (100 Threads) 1-21
2026-09-11 12:53:23,707 INFO o.a.j.t.JMeterThread: Thread is done: Admin Pages Thread Group (100 Threads) 1-1
2026-09-11 12:53:23,707 INFO o.a.j.t.JMeterThread: Thread is done: Admin Pages Thread Group (100 Threads) 1-49
2026-09-11 12:53:23,707 INFO o.a.j.t.JMeterThread: Thread is done: Admin Pages Thread Group (100 Threads) 1-84
2026-09-11 12:53:23,707 INFO o.a.j.t.JMeterThread: Thread finished: Admin Pages Thread Group (100 Threads) 1-1
2026-09-11 12:53:23,707 INFO o.a.j.t.JMeterThread: Thread finished: Admin Pages Thread Group (100 Threads) 1-84
2026-09-11 12:53:23,707 INFO o.a.j.t.JMeterThread: Thread is done: Admin Pages Thread Group (100 Threads) 1-50
2026-09-11 12:53:23,707 INFO o.a.j.t.JMeterThread: Thread finished: Admin Pages Thread Group (100 Threads) 1-49
2026-09-11 12:53:23,707 INFO o.a.j.t.JMeterThread: Thread finished: Admin Pages Thread Group (100 Threads) 1-50
2026-09-11 12:53:23,707 INFO o.a.j.t.JMeterThread: Thread is done: Admin Pages Thread Group (100 Threads) 1-74
2026-09-11 12:53:23,707 INFO o.a.j.t.JMeterThread: Thread finished: Admin Pages Thread Group (100 Threads) 1-74
2026-09-11 12:53:23,707 INFO o.a.j.t.JMeterThread: Thread is done: Admin Pages Thread Group (100 Threads) 1-7
2026-09-11 12:53:23,708 INFO o.a.j.t.JMeterThread: Thread finished: Admin Pages Thread Group (100 Threads) 1-7
2026-09-11 12:53:23,710 INFO o.a.j.t.JMeterThread: Thread is done: Admin Pages Thread Group (100 Threads) 1-45
2026-09-11 12:53:23,710 INFO o.a.j.t.JMeterThread: Thread finished: Admin Pages Thread Group (100 Threads) 1-45
2026-09-11 12:53:23,710 INFO o.a.j.t.JMeterThread: Thread is done: Admin Pages Thread Group (100 Threads) 1-63
2026-09-11 12:53:23,710 INFO o.a.j.t.JMeterThread: Thread finished: Admin Pages Thread Group (100 Threads) 1-63
2026-09-11 12:53:23,715 INFO o.a.j.t.JMeterThread: Thread is done: Admin Pages Thread Group (100 Threads) 1-99
2026-09-11 12:53:23,715 INFO o.a.j.t.JMeterThread: Thread is done: Admin Pages Thread Group (100 Threads) 1-33
2026-09-11 12:53:23,715 INFO o.a.j.t.JMeterThread: Thread is done: Admin Pages Thread Group (100 Threads) 1-88
2026-09-11 12:53:23,715 INFO o.a.j.t.JMeterThread: Thread finished: Admin Pages Thread Group (100 Threads) 1-33
2026-09-11 12:53:23,715 INFO o.a.j.t.JMeterThread: Thread is done: Admin Pages Thread Group (100 Threads) 1-30
2026-09-11 12:53:23,715 INFO o.a.j.t.JMeterThread: Thread finished: Admin Pages Thread Group (100 Threads) 1-99
2026-09-11 12:53:23,715 INFO o.a.j.t.JMeterThread: Thread finished: Admin Pages Thread Group (100 Threads) 1-30
2026-09-11 12:53:23,715 INFO o.a.j.t.JMeterThread: Thread finished: Admin Pages Thread Group (100 Threads) 1-88
2026-09-11 12:53:23,715 INFO o.a.j.t.JMeterThread: Thread is done: Admin Pages Thread Group (100 Threads) 1-61
2026-09-11 12:53:23,715 INFO o.a.j.t.JMeterThread: Thread is done: Admin Pages Thread Group (100 Threads) 1-59
2026-09-11 12:53:23,715 INFO o.a.j.t.JMeterThread: Thread finished: Admin Pages Thread Group (100 Threads) 1-61
2026-09-11 12:53:23,715 INFO o.a.j.t.JMeterThread: Thread is done: Admin Pages Thread Group (100 Threads) 1-87
2026-09-11 12:53:23,715 INFO o.a.j.t.JMeterThread: Thread finished: Admin Pages Thread Group (100 Threads) 1-59
2026-09-11 12:53:23,716 INFO o.a.j.t.JMeterThread: Thread finished: Admin Pages Thread Group (100 Threads) 1-87
2026-09-11 12:53:23,716 INFO o.a.j.t.JMeterThread: Thread is done: Admin Pages Thread Group (100 Threads) 1-56
2026-09-11 12:53:23,716 INFO o.a.j.t.JMeterThread: Thread finished: Admin Pages Thread Group (100 Threads) 1-56
2026-09-11 12:53:23,725 INFO o.a.j.t.JMeterThread: Thread is done: Admin Pages Thread Group (100 Threads) 1-25
2026-09-11 12:53:23,725 INFO o.a.j.t.JMeterThread: Thread is done: Admin Pages Thread Group (100 Threads) 1-70
2026-09-11 12:53:23,725 INFO o.a.j.t.JMeterThread: Thread finished: Admin Pages Thread Group (100 Threads) 1-25
2026-09-11 12:53:23,725 INFO o.a.j.t.JMeterThread: Thread is done: Admin Pages Thread Group (100 Threads) 1-32
2026-09-11 12:53:23,725 INFO o.a.j.t.JMeterThread: Thread finished: Admin Pages Thread Group (100 Threads) 1-70
2026-09-11 12:53:23,725 INFO o.a.j.t.JMeterThread: Thread finished: Admin Pages Thread Group (100 Threads) 1-32
2026-09-11 12:53:23,738 INFO o.a.j.t.JMeterThread: Thread is done: Admin Pages Thread Group (100 Threads) 1-19
2026-09-11 12:53:23,738 INFO o.a.j.t.JMeterThread: Thread is done: Admin Pages Thread Group (100 Threads) 1-16
2026-09-11 12:53:23,738 INFO o.a.j.t.JMeterThread: Thread finished: Admin Pages Thread Group (100 Threads) 1-16
2026-09-11 12:53:23,738 INFO o.a.j.t.JMeterThread: Thread finished: Admin Pages Thread Group (100 Threads) 1-19
2026-09-11 12:53:23,756 INFO o.a.j.t.JMeterThread: Thread is done: Admin Pages Thread Group (100 Threads) 1-37
2026-09-11 12:53:23,756 INFO o.a.j.t.JMeterThread: Thread finished: Admin Pages Thread Group (100 Threads) 1-37
2026-09-11 12:53:23,770 INFO o.a.j.t.JMeterThread: Thread is done: Admin Pages Thread Group (100 Threads) 1-51
2026-09-11 12:53:23,770 INFO o.a.j.t.JMeterThread: Thread finished: Admin Pages Thread Group (100 Threads) 1-51
2026-09-11 12:53:23,772 INFO o.a.j.t.JMeterThread: Thread is done: Admin Pages Thread Group (100 Threads) 1-29
2026-09-11 12:53:23,772 INFO o.a.j.t.JMeterThread: Thread finished: Admin Pages Thread Group (100 Threads) 1-29
2026-09-11 12:53:23,791 INFO o.a.j.t.JMeterThread: Thread is done: Admin Pages Thread Group (100 Threads) 1-41
2026-09-11 12:53:23,793 INFO o.a.j.t.JMeterThread: Thread finished: Admin Pages Thread Group (100 Threads) 1-41
2026-09-11 12:53:23,793 INFO o.a.j.e.StandardJMeterEngine: Notifying test listeners of end of test
2026-09-11 12:53:23,794 INFO o.a.j.r.Summariser: summary =    400 in 00:00:02 =  164.9/s Avg:   517 Min:   233 Max:  1460 Err:     0 (0.00%)
